---
source: crates/subgraph/tests/batch_order_test.rs
expression: request_body.query
---
query BatchOrderDetailQuery($id_list: Order_filter!) {
  orders(where: $id_list) {
    id
    orderBytes
    orderHash
    owner
    outputs {
      id
      owner
      vaultId
      balance
      token {
        id
        address
        name
        symbol
        decimals
      }
      orderbook {
        id
      }
      ordersAsOutput(orderBy: timestampAdded, orderDirection: desc) {
        id
        orderHash
        active
      }
      ordersAsInput(orderBy: timestampAdded, orderDirection: desc) {
        id
        orderHash
        active
      }
      balanceChanges {
        __typename
        ... on Withdrawal {
          id
          __typename
          amount
          newVaultBalance
          oldVaultBalance
          vault {
            id
            vaultId
            token {
              id
              address
              name
              symbol
              decimals
            }
            balance
            totalVolumeIn
            totalVolumeOut
          }
          timestamp
          transaction {
            id
            from
            blockNumber
            timestamp
          }
          orderbook {
            id
          }
        }
        ... on TradeVaultBalanceChange {
          id
          __typename
          amount
          newVaultBalance
          oldVaultBalance
          vault {
            id
            vaultId
            token {
              id
              address
              name
              symbol
              decimals
            }
            balance
            totalVolumeIn
            totalVolumeOut
          }
          timestamp
          transaction {
            id
            from
            blockNumber
            timestamp
          }
          orderbook {
            id
          }
        }
        ... on Deposit {
          id
          __typename
          amount
          newVaultBalance
          oldVaultBalance
          vault {
            id
            vaultId
            token {
              id
              address
              name
              symbol
              decimals
            }
            balance
            totalVolumeIn
            totalVolumeOut
          }
          timestamp
          transaction {
            id
            from
            blockNumber
            timestamp
          }
          orderbook {
            id
          }
        }
        ... on ClearBounty {
          id
          __typename
          amount
          newVaultBalance
          oldVaultBalance
          vault {
            id
            vaultId
            token {
              id
              address
              name
              symbol
              decimals
            }
            balance
            totalVolumeIn
            totalVolumeOut
          }
          timestamp
          transaction {
            id
            from
            blockNumber
            timestamp
          }
          orderbook {
            id
          }
          sender
        }
      }
      totalVolumeIn
      totalVolumeOut
    }
    inputs {
      id
      owner
      vaultId
      balance
      token {
        id
        address
        name
        symbol
        decimals
      }
      orderbook {
        id
      }
      ordersAsOutput(orderBy: timestampAdded, orderDirection: desc) {
        id
        orderHash
        active
      }
      ordersAsInput(orderBy: timestampAdded, orderDirection: desc) {
        id
        orderHash
        active
      }
      balanceChanges {
        __typename
        ... on Withdrawal {
          id
          __typename
          amount
          newVaultBalance
          oldVaultBalance
          vault {
            id
            vaultId
            token {
              id
              address
              name
              symbol
              decimals
            }
            balance
            totalVolumeIn
            totalVolumeOut
          }
          timestamp
          transaction {
            id
            from
            blockNumber
            timestamp
          }
          orderbook {
            id
          }
        }
        ... on TradeVaultBalanceChange {
          id
          __typename
          amount
          newVaultBalance
          oldVaultBalance
          vault {
            id
            vaultId
            token {
              id
              address
              name
              symbol
              decimals
            }
            balance
            totalVolumeIn
            totalVolumeOut
          }
          timestamp
          transaction {
            id
            from
            blockNumber
            timestamp
          }
          orderbook {
            id
          }
        }
        ... on Deposit {
          id
          __typename
          amount
          newVaultBalance
          oldVaultBalance
          vault {
            id
            vaultId
            token {
              id
              address
              name
              symbol
              decimals
            }
            balance
            totalVolumeIn
            totalVolumeOut
          }
          timestamp
          transaction {
            id
            from
            blockNumber
            timestamp
          }
          orderbook {
            id
          }
        }
        ... on ClearBounty {
          id
          __typename
          amount
          newVaultBalance
          oldVaultBalance
          vault {
            id
            vaultId
            token {
              id
              address
              name
              symbol
              decimals
            }
            balance
            totalVolumeIn
            totalVolumeOut
          }
          timestamp
          transaction {
            id
            from
            blockNumber
            timestamp
          }
          orderbook {
            id
          }
          sender
        }
      }
      totalVolumeIn
      totalVolumeOut
    }
    orderbook {
      id
    }
    active
    timestampAdded
    meta
    addEvents {
      transaction {
        id
        from
        blockNumber
        timestamp
      }
    }
    trades {
      id
    }
  }
}
